
D:\Dev\MyEclipseWorkspace\lightspeed29\junit>REM run as follows: 

D:\Dev\MyEclipseWorkspace\lightspeed29\junit>REM   cd /lightspeed29/junit 

D:\Dev\MyEclipseWorkspace\lightspeed29\junit>REM   runJunit 

D:\Dev\MyEclipseWorkspace\lightspeed29\junit>set CLASSPATH=lib/*;lib;../WebRoot/WEB-INF;../WebRoot/WEB-INF/lib/*;../WebRoot; 

D:\Dev\MyEclipseWorkspace\lightspeed29\junit>date /t 
Sat 05/09/2015 

D:\Dev\MyEclipseWorkspace\lightspeed29\junit>time /t 
08:57 PM

D:\Dev\MyEclipseWorkspace\lightspeed29\junit>java org.junit.runner.JUnitCore com.lightspeedeps.test.payroll.CheckLoadRulesTest 
JUnit version 4.8.2
.*main         INFO  20:58:03.067 ApplicationScopeBean::setVersion(233): 2.9.TEST
...........
Time: 5.783

OK (12 tests)


D:\Dev\MyEclipseWorkspace\lightspeed29\junit>java org.junit.runner.JUnitCore com.lightspeedeps.test.payroll.ExtraFilterParserTest 
JUnit version 4.8.2
..
Time: 0.082

OK (2 tests)


D:\Dev\MyEclipseWorkspace\lightspeed29\junit>java org.junit.runner.JUnitCore com.lightspeedeps.test.payroll.MpvRuleTest 
JUnit version 4.8.2
.*main         INFO  20:58:10.115 ApplicationScopeBean::setVersion(233): 2.9.TEST
...................*main         WARN  20:58:10.416 MsgUtils::addFacesMessage(219): The first meal is shorter than the allowed period.
......*main         WARN  20:58:10.427 MsgUtils::addFacesMessage(219): The first meal is shorter than the allowed period.
........................*main         WARN  20:58:10.466 MsgUtils::addFacesMessage(219): The first meal is shorter than the allowed period.
......*main         WARN  20:58:10.479 MsgUtils::addFacesMessage(219): The first meal is shorter than the allowed period.
........................*main         WARN  20:58:10.522 MsgUtils::addFacesMessage(219): The first meal is shorter than the allowed period.
......*main         WARN  20:58:10.535 MsgUtils::addFacesMessage(219): The first meal is shorter than the allowed period.
........................*main         WARN  20:58:10.581 MsgUtils::addFacesMessage(219): The first meal is shorter than the allowed period.
......*main         WARN  20:58:10.592 MsgUtils::addFacesMessage(219): The first meal is shorter than the allowed period.
............*main         WARN  20:58:10.616 MsgUtils::addFacesMessage(219): The first meal is shorter than the allowed period.
......*main         WARN  20:58:10.631 MsgUtils::addFacesMessage(219): The first meal is shorter than the allowed period.
........................*main         WARN  20:58:10.677 MsgUtils::addFacesMessage(219): The first meal is shorter than the allowed period.
......*main         WARN  20:58:10.690 MsgUtils::addFacesMessage(219): The first meal is shorter than the allowed period.
................................*main         WARN  20:58:10.756 MsgUtils::addFacesMessage(219): The first meal is shorter than the allowed period.
......*main         WARN  20:58:10.768 MsgUtils::addFacesMessage(219): The first meal is shorter than the allowed period.
........................*main         WARN  20:58:10.814 MsgUtils::addFacesMessage(219): The first meal is shorter than the allowed period.
......*main         WARN  20:58:10.826 MsgUtils::addFacesMessage(219): The first meal is shorter than the allowed period.
........................*main         WARN  20:58:10.868 MsgUtils::addFacesMessage(219): The first meal is shorter than the allowed period.
......*main         WARN  20:58:10.880 MsgUtils::addFacesMessage(219): The first meal is shorter than the allowed period.
........................*main         WARN  20:58:10.934 MsgUtils::addFacesMessage(219): The first meal is shorter than the allowed period.
......*main         WARN  20:58:10.947 MsgUtils::addFacesMessage(219): The first meal is shorter than the allowed period.
.................*main         WARN  20:58:10.980 MsgUtils::addFacesMessage(219): The first meal is shorter than the allowed period.
......*main         WARN  20:58:10.992 MsgUtils::addFacesMessage(219): The first meal is shorter than the allowed period.
........................*main         WARN  20:58:11.042 MsgUtils::addFacesMessage(219): The first meal is shorter than the allowed period.
......*main         WARN  20:58:11.055 MsgUtils::addFacesMessage(219): The first meal is shorter than the allowed period.
..*main         INFO  20:58:12.562 ApplicationScopeBean::setVersion(233): 2.9.TEST
..........................*main         WARN  20:58:12.593 MsgUtils::addFacesMessage(219): The first meal is shorter than the allowed period.
......*main         WARN  20:58:12.596 MsgUtils::addFacesMessage(219): The first meal is shorter than the allowed period.
........................*main         WARN  20:58:12.611 MsgUtils::addFacesMessage(219): The first meal is shorter than the allowed period.
......*main         WARN  20:58:12.615 MsgUtils::addFacesMessage(219): The first meal is shorter than the allowed period.
........................*main         WARN  20:58:12.629 MsgUtils::addFacesMessage(219): The first meal is shorter than the allowed period.
......*main         WARN  20:58:12.633 MsgUtils::addFacesMessage(219): The first meal is shorter than the allowed period.
........................*main         WARN  20:58:12.646 MsgUtils::addFacesMessage(219): The first meal is shorter than the allowed period.
......*main         WARN  20:58:12.650 MsgUtils::addFacesMessage(219): The first meal is shorter than the allowed period.
............
Time: 7.952

OK (481 tests)


D:\Dev\MyEclipseWorkspace\lightspeed29\junit>java org.junit.runner.JUnitCore com.lightspeedeps.test.payroll.NtPremiumRuleTest 
JUnit version 4.8.2
.*main         INFO  20:58:18.314 ApplicationScopeBean::setVersion(233): 2.9.TEST
*main         INFO  20:58:19.490 BaseDAO::save(528): save successful for com.lightspeedeps.model.StartForm, id=1499
*main         INFO  20:58:19.557 BaseDAO::save(528): save successful for com.lightspeedeps.model.AuditEvent, id=15191
.*main         INFO  20:58:19.668 BaseDAO::save(528): save successful for com.lightspeedeps.model.StartForm, id=1500
*main         INFO  20:58:19.693 BaseDAO::save(528): save successful for com.lightspeedeps.model.AuditEvent, id=15192
.*main         INFO  20:58:19.718 BaseDAO::save(528): save successful for com.lightspeedeps.model.StartForm, id=1501
*main         INFO  20:58:19.734 BaseDAO::save(528): save successful for com.lightspeedeps.model.AuditEvent, id=15193
.*main         INFO  20:58:19.774 BaseDAO::save(528): save successful for com.lightspeedeps.model.StartForm, id=1502
*main         INFO  20:58:19.792 BaseDAO::save(528): save successful for com.lightspeedeps.model.AuditEvent, id=15194
.*main         INFO  20:58:19.827 BaseDAO::save(528): save successful for com.lightspeedeps.model.StartForm, id=1503
*main         INFO  20:58:19.844 BaseDAO::save(528): save successful for com.lightspeedeps.model.AuditEvent, id=15195
.*main         INFO  20:58:19.874 BaseDAO::save(528): save successful for com.lightspeedeps.model.StartForm, id=1504
*main         INFO  20:58:19.902 BaseDAO::save(528): save successful for com.lightspeedeps.model.AuditEvent, id=15196
.*main         INFO  20:58:19.930 BaseDAO::save(528): save successful for com.lightspeedeps.model.StartForm, id=1505
*main         INFO  20:58:19.949 BaseDAO::save(528): save successful for com.lightspeedeps.model.AuditEvent, id=15197
.*main         INFO  20:58:19.981 BaseDAO::save(528): save successful for com.lightspeedeps.model.StartForm, id=1506
*main         INFO  20:58:20.003 BaseDAO::save(528): save successful for com.lightspeedeps.model.AuditEvent, id=15198
.*main         INFO  20:58:20.050 BaseDAO::save(528): save successful for com.lightspeedeps.model.StartForm, id=1507
*main         INFO  20:58:20.072 BaseDAO::save(528): save successful for com.lightspeedeps.model.AuditEvent, id=15199
.*main         INFO  20:58:20.109 BaseDAO::save(528): save successful for com.lightspeedeps.model.StartForm, id=1508
*main         INFO  20:58:20.131 BaseDAO::save(528): save successful for com.lightspeedeps.model.AuditEvent, id=15200
.*main         INFO  20:58:20.163 BaseDAO::save(528): save successful for com.lightspeedeps.model.StartForm, id=1509
*main         INFO  20:58:20.187 BaseDAO::save(528): save successful for com.lightspeedeps.model.AuditEvent, id=15201
.*main         INFO  20:58:20.221 BaseDAO::save(528): save successful for com.lightspeedeps.model.StartForm, id=1510
*main         INFO  20:58:20.245 BaseDAO::save(528): save successful for com.lightspeedeps.model.AuditEvent, id=15202
..*main         INFO  20:58:21.687 ApplicationScopeBean::setVersion(233): 2.9.TEST
*main         INFO  20:58:21.725 BaseDAO::save(528): save successful for com.lightspeedeps.model.StartForm, id=1511
*main         INFO  20:58:21.736 BaseDAO::save(528): save successful for com.lightspeedeps.model.AuditEvent, id=15203
.*main         INFO  20:58:21.765 BaseDAO::save(528): save successful for com.lightspeedeps.model.StartForm, id=1512
*main         INFO  20:58:21.773 BaseDAO::save(528): save successful for com.lightspeedeps.model.AuditEvent, id=15204
.*main         INFO  20:58:21.786 BaseDAO::save(528): save successful for com.lightspeedeps.model.StartForm, id=1513
*main         INFO  20:58:21.795 BaseDAO::save(528): save successful for com.lightspeedeps.model.AuditEvent, id=15205

Time: 8.888

OK (16 tests)


D:\Dev\MyEclipseWorkspace\lightspeed29\junit>java org.junit.runner.JUnitCore com.lightspeedeps.test.payroll.OvertimeRuleTest 
JUnit version 4.8.2
.*main         INFO  20:58:27.424 ApplicationScopeBean::setVersion(233): 2.9.TEST
*main         INFO  20:58:28.570 BaseDAO::save(528): save successful for com.lightspeedeps.model.StartForm, id=1514
*main         INFO  20:58:28.634 BaseDAO::save(528): save successful for com.lightspeedeps.model.AuditEvent, id=15206
.*main         INFO  20:58:28.745 BaseDAO::save(528): save successful for com.lightspeedeps.model.StartForm, id=1515
*main         INFO  20:58:28.780 BaseDAO::save(528): save successful for com.lightspeedeps.model.AuditEvent, id=15207
.*main         INFO  20:58:28.805 BaseDAO::save(528): save successful for com.lightspeedeps.model.StartForm, id=1516
*main         INFO  20:58:28.823 BaseDAO::save(528): save successful for com.lightspeedeps.model.AuditEvent, id=15208
.*main         INFO  20:58:28.864 BaseDAO::save(528): save successful for com.lightspeedeps.model.StartForm, id=1517
*main         INFO  20:58:28.882 BaseDAO::save(528): save successful for com.lightspeedeps.model.AuditEvent, id=15209
.*main         INFO  20:58:28.910 BaseDAO::save(528): save successful for com.lightspeedeps.model.StartForm, id=1518
*main         INFO  20:58:28.928 BaseDAO::save(528): save successful for com.lightspeedeps.model.AuditEvent, id=15210
.*main         INFO  20:58:28.960 BaseDAO::save(528): save successful for com.lightspeedeps.model.StartForm, id=1519
*main         INFO  20:58:28.980 BaseDAO::save(528): save successful for com.lightspeedeps.model.AuditEvent, id=15211
..*main         INFO  20:58:30.525 ApplicationScopeBean::setVersion(233): 2.9.TEST
*main         INFO  20:58:30.564 BaseDAO::save(528): save successful for com.lightspeedeps.model.StartForm, id=1520
*main         INFO  20:58:30.575 BaseDAO::save(528): save successful for com.lightspeedeps.model.AuditEvent, id=15212
.*main         INFO  20:58:30.606 BaseDAO::save(528): save successful for com.lightspeedeps.model.StartForm, id=1521
*main         INFO  20:58:30.615 BaseDAO::save(528): save successful for com.lightspeedeps.model.AuditEvent, id=15213
.*main         INFO  20:58:30.644 BaseDAO::save(528): save successful for com.lightspeedeps.model.StartForm, id=1522
*main         INFO  20:58:30.653 BaseDAO::save(528): save successful for com.lightspeedeps.model.AuditEvent, id=15214
.*main         INFO  20:58:30.681 BaseDAO::save(528): save successful for com.lightspeedeps.model.StartForm, id=1523
*main         INFO  20:58:30.691 BaseDAO::save(528): save successful for com.lightspeedeps.model.AuditEvent, id=15215
.*main         INFO  20:58:30.708 BaseDAO::save(528): save successful for com.lightspeedeps.model.StartForm, id=1524
*main         INFO  20:58:30.718 BaseDAO::save(528): save successful for com.lightspeedeps.model.AuditEvent, id=15216
.*main         INFO  20:58:30.732 BaseDAO::save(528): save successful for com.lightspeedeps.model.StartForm, id=1525
*main         INFO  20:58:30.741 BaseDAO::save(528): save successful for com.lightspeedeps.model.AuditEvent, id=15217
.*main         INFO  20:58:30.755 BaseDAO::save(528): save successful for com.lightspeedeps.model.StartForm, id=1526
*main         INFO  20:58:30.764 BaseDAO::save(528): save successful for com.lightspeedeps.model.AuditEvent, id=15218
.*main         INFO  20:58:30.778 BaseDAO::save(528): save successful for com.lightspeedeps.model.StartForm, id=1527
*main         INFO  20:58:30.788 BaseDAO::save(528): save successful for com.lightspeedeps.model.AuditEvent, id=15219
.*main         INFO  20:58:30.801 BaseDAO::save(528): save successful for com.lightspeedeps.model.StartForm, id=1528
*main         INFO  20:58:30.811 BaseDAO::save(528): save successful for com.lightspeedeps.model.AuditEvent, id=15220
.*main         INFO  20:58:30.837 BaseDAO::save(528): save successful for com.lightspeedeps.model.StartForm, id=1529
*main         INFO  20:58:30.849 BaseDAO::save(528): save successful for com.lightspeedeps.model.AuditEvent, id=15221
.*main         INFO  20:58:30.865 BaseDAO::save(528): save successful for com.lightspeedeps.model.StartForm, id=1530
*main         INFO  20:58:30.875 BaseDAO::save(528): save successful for com.lightspeedeps.model.AuditEvent, id=15222
.*main         INFO  20:58:30.889 BaseDAO::save(528): save successful for com.lightspeedeps.model.StartForm, id=1531
*main         INFO  20:58:30.899 BaseDAO::save(528): save successful for com.lightspeedeps.model.AuditEvent, id=15223
.*main         INFO  20:58:30.912 BaseDAO::save(528): save successful for com.lightspeedeps.model.StartForm, id=1532
*main         INFO  20:58:30.922 BaseDAO::save(528): save successful for com.lightspeedeps.model.AuditEvent, id=15224
.*main         INFO  20:58:30.936 BaseDAO::save(528): save successful for com.lightspeedeps.model.StartForm, id=1533
*main         INFO  20:58:30.945 BaseDAO::save(528): save successful for com.lightspeedeps.model.AuditEvent, id=15225
.*main         INFO  20:58:30.957 BaseDAO::save(528): save successful for com.lightspeedeps.model.StartForm, id=1534
*main         INFO  20:58:30.967 BaseDAO::save(528): save successful for com.lightspeedeps.model.AuditEvent, id=15226
.*main         INFO  20:58:30.981 BaseDAO::save(528): save successful for com.lightspeedeps.model.StartForm, id=1535
*main         INFO  20:58:30.991 BaseDAO::save(528): save successful for com.lightspeedeps.model.AuditEvent, id=15227
.*main         INFO  20:58:31.006 BaseDAO::save(528): save successful for com.lightspeedeps.model.StartForm, id=1536
*main         INFO  20:58:31.016 BaseDAO::save(528): save successful for com.lightspeedeps.model.AuditEvent, id=15228

Time: 8.972

OK (24 tests)


D:\Dev\MyEclipseWorkspace\lightspeed29\junit>java org.junit.runner.JUnitCore com.lightspeedeps.test.payroll.StartFormUpdate 
JUnit version 4.8.2
.*main         INFO  20:58:36.655 ApplicationScopeBean::setVersion(233): 2.9.TEST

Time: 11.618

OK (1 test)


D:\Dev\MyEclipseWorkspace\lightspeed29\junit>java org.junit.runner.JUnitCore com.lightspeedeps.test.payroll.TimecardCreatorTest 
JUnit version 4.8.2
.*main         INFO  20:58:48.819 ApplicationScopeBean::setVersion(233): 2.9.TEST
*main         INFO  20:58:48.971 TimecardCreator::execute(143): Timecard creation started, user=null
*main         INFO  20:58:49.075 TimecardCreator::process(219): this w/e date=Sat May 09 00:00:00 PDT 2015, next w/e date=Sat May 16 00:00:00 PDT 2015
*main         INFO  20:58:53.073 EventUtils::logEvent(83): event=INFO, user=null, user#=null

Time: 9.959

OK (1 test)


D:\Dev\MyEclipseWorkspace\lightspeed29\junit>REM still in development: 

D:\Dev\MyEclipseWorkspace\lightspeed29\junit>REM java org.junit.runner.JUnitCore com.lightspeedeps.test.payroll.WeeklyRuleTest 

D:\Dev\MyEclipseWorkspace\lightspeed29\junit>java org.junit.runner.JUnitCore com.lightspeedeps.test.payroll.WorkDayNumberTest 
JUnit version 4.8.2
.*main         INFO  20:58:59.006 ApplicationScopeBean::setVersion(233): 2.9.TEST
..........*main         INFO  20:59:01.189 ApplicationScopeBean::setVersion(233): 2.9.TEST
....
Time: 7.682

OK (15 tests)


D:\Dev\MyEclipseWorkspace\lightspeed29\junit>java org.junit.runner.JUnitCore com.lightspeedeps.test.report.DatabaseCheckTest 
JUnit version 4.8.2
.*main         INFO  20:59:06.907 ApplicationScopeBean::setVersion(233): 2.9.TEST
*main         INFO  20:59:07.052 DatabaseCheck::execute(30): starting at Sat May 09 20:59:07 PDT 2015
*main         INFO  20:59:07.052 SpringBatch::setUp(41): -----  setup   ---- vvvvvvvvvvvvvvvvvvvvvvvvvv SpringBatch setup 
*main         INFO  20:59:07.150 SpringBatch::tearDown(62): ----- teardown ---- ^^^^^^^^^^^^^^^^^^^^^^^^^^^^^ SpringBatch complete 

Time: 5.658

OK (1 test)


D:\Dev\MyEclipseWorkspace\lightspeed29\junit>java org.junit.runner.JUnitCore com.lightspeedeps.test.report.EventLogSummaryTest 
JUnit version 4.8.2
.*main         INFO  20:59:13.669 ApplicationScopeBean::setVersion(233): 2.9.TEST
*main         INFO  20:59:13.813 EventLogSummary::execute(61): 
*main         INFO  20:59:13.813 SpringBatch::setUp(41): -----  setup   ---- vvvvvvvvvvvvvvvvvvvvvvvvvv SpringBatch setup 
*main         INFO  20:59:16.430 Mailer::sendFile(156): message sent to: dwight@lightspeedeps.com, subject: DHDEV: 34 recent errors as of 5/9/15 8:59 PM. (67 in 24 hrs.)
*main         INFO  20:59:16.431 SpringBatch::tearDown(62): ----- teardown ---- ^^^^^^^^^^^^^^^^^^^^^^^^^^^^^ SpringBatch complete 

Time: 8.163

OK (1 test)


D:\Dev\MyEclipseWorkspace\lightspeed29\junit>java org.junit.runner.JUnitCore com.lightspeedeps.test.report.FailedLogonJobTest 
JUnit version 4.8.2
.*main         INFO  20:59:22.412 ApplicationScopeBean::setVersion(233): 2.9.TEST
*main         INFO  20:59:22.551 SpringBatch::setUp(41): -----  setup   ---- vvvvvvvvvvvvvvvvvvvvvvvvvv SpringBatch setup 
*main         INFO  20:59:22.655 EventUtils::logEvent(83): event=INFO, user=lightspeed, user#=null
*main         INFO  20:59:24.761 Mailer::sendFile(156): message sent to: dwight@lightspeedeps.com, subject: 2 locked out users as of 5/9/15 8:59 PM
*main         INFO  20:59:24.761 SpringBatch::tearDown(62): ----- teardown ---- ^^^^^^^^^^^^^^^^^^^^^^^^^^^^^ SpringBatch complete 

Time: 8.08

OK (1 test)


D:\Dev\MyEclipseWorkspace\lightspeed29\junit>java org.junit.runner.JUnitCore com.lightspeedeps.test.report.OverdueReportTest 
JUnit version 4.8.2
.*main         INFO  20:59:30.431 ApplicationScopeBean::setVersion(233): 2.9.TEST
*main         INFO  20:59:30.580 DueOverdueCheck::setUp(96): 
*main         INFO  20:59:30.581 SpringBatch::setUp(41): -----  setup   ---- vvvvvvvvvvvvvvvvvvvvvvvvvv SpringBatch setup 
*main         INFO  20:59:31.265 SpringBatch::tearDown(62): ----- teardown ---- ^^^^^^^^^^^^^^^^^^^^^^^^^^^^^ SpringBatch complete 

Time: 6.257

OK (1 test)


D:\Dev\MyEclipseWorkspace\lightspeed29\junit>java org.junit.runner.JUnitCore com.lightspeedeps.test.report.StripboardReportGenTest 
JUnit version 4.8.2
.*main         INFO  20:59:37.257 ApplicationScopeBean::setVersion(233): 2.9.TEST
*main         INFO  20:59:37.661 BaseDAO::save(528): save successful for com.lightspeedeps.model.StripboardReport, id=1049
*main         INFO  20:59:37.692 BaseDAO::save(528): save successful for com.lightspeedeps.model.StripboardReport, id=1050
*main         INFO  20:59:37.708 BaseDAO::save(528): save successful for com.lightspeedeps.model.StripboardReport, id=1051
*main         INFO  20:59:37.728 BaseDAO::save(528): save successful for com.lightspeedeps.model.StripboardReport, id=1052
*main         INFO  20:59:37.749 BaseDAO::save(528): save successful for com.lightspeedeps.model.StripboardReport, id=1053
*main         INFO  20:59:37.772 BaseDAO::save(528): save successful for com.lightspeedeps.model.StripboardReport, id=1054
*main         INFO  20:59:37.785 BaseDAO::save(528): save successful for com.lightspeedeps.model.StripboardReport, id=1055
*main         INFO  20:59:37.802 BaseDAO::save(528): save successful for com.lightspeedeps.model.StripboardReport, id=1056
*main         INFO  20:59:37.827 BaseDAO::save(528): save successful for com.lightspeedeps.model.StripboardReport, id=1057
*main         INFO  20:59:37.846 BaseDAO::save(528): save successful for com.lightspeedeps.model.StripboardReport, id=1058
*main         INFO  20:59:37.859 BaseDAO::save(528): save successful for com.lightspeedeps.model.StripboardReport, id=1059
*main         INFO  20:59:37.882 BaseDAO::save(528): save successful for com.lightspeedeps.model.StripboardReport, id=1060
*main         INFO  20:59:37.908 BaseDAO::save(528): save successful for com.lightspeedeps.model.StripboardReport, id=1061
*main         INFO  20:59:37.924 BaseDAO::save(528): save successful for com.lightspeedeps.model.StripboardReport, id=1062
*main         INFO  20:59:37.949 BaseDAO::save(528): save successful for com.lightspeedeps.model.StripboardReport, id=1063
*main         INFO  20:59:37.976 BaseDAO::save(528): save successful for com.lightspeedeps.model.StripboardReport, id=1064
*main         INFO  20:59:37.997 BaseDAO::save(528): save successful for com.lightspeedeps.model.StripboardReport, id=1065
*main         INFO  20:59:38.027 BaseDAO::save(528): save successful for com.lightspeedeps.model.StripboardReport, id=1066
*main         INFO  20:59:38.047 BaseDAO::save(528): save successful for com.lightspeedeps.model.StripboardReport, id=1067
*main         INFO  20:59:38.075 BaseDAO::save(528): save successful for com.lightspeedeps.model.StripboardReport, id=1068
*main         INFO  20:59:38.102 BaseDAO::save(528): save successful for com.lightspeedeps.model.StripboardReport, id=1069
*main         INFO  20:59:38.174 BaseDAO::save(528): save successful for com.lightspeedeps.model.StripboardReport, id=1070
*main         INFO  20:59:38.194 BaseDAO::save(528): save successful for com.lightspeedeps.model.StripboardReport, id=1071
*main         INFO  20:59:38.222 BaseDAO::save(528): save successful for com.lightspeedeps.model.StripboardReport, id=1072
*main         INFO  20:59:38.250 BaseDAO::save(528): save successful for com.lightspeedeps.model.StripboardReport, id=1073
*main         INFO  20:59:38.272 BaseDAO::save(528): save successful for com.lightspeedeps.model.StripboardReport, id=1074
*main         INFO  20:59:38.299 BaseDAO::save(528): save successful for com.lightspeedeps.model.StripboardReport, id=1075
*main         INFO  20:59:38.324 BaseDAO::save(528): save successful for com.lightspeedeps.model.StripboardReport, id=1076
*main         INFO  20:59:38.354 BaseDAO::save(528): save successful for com.lightspeedeps.model.StripboardReport, id=1077
*main         INFO  20:59:38.380 BaseDAO::save(528): save successful for com.lightspeedeps.model.StripboardReport, id=1078
*main         INFO  20:59:38.395 BaseDAO::save(528): save successful for com.lightspeedeps.model.StripboardReport, id=1079
*main         INFO  20:59:38.410 BaseDAO::save(528): save successful for com.lightspeedeps.model.StripboardReport, id=1080
*main         INFO  20:59:38.420 BaseDAO::save(528): save successful for com.lightspeedeps.model.StripboardReport, id=1081
*main         INFO  20:59:38.432 BaseDAO::save(528): save successful for com.lightspeedeps.model.StripboardReport, id=1082
*main         INFO  20:59:38.443 BaseDAO::save(528): save successful for com.lightspeedeps.model.StripboardReport, id=1083
*main         INFO  20:59:38.453 BaseDAO::save(528): save successful for com.lightspeedeps.model.StripboardReport, id=1084
*main         INFO  20:59:38.462 BaseDAO::save(528): save successful for com.lightspeedeps.model.StripboardReport, id=1085
*main         INFO  20:59:38.472 BaseDAO::save(528): save successful for com.lightspeedeps.model.StripboardReport, id=1086
*main         INFO  20:59:38.481 BaseDAO::save(528): save successful for com.lightspeedeps.model.StripboardReport, id=1087
*main         INFO  20:59:38.490 BaseDAO::save(528): save successful for com.lightspeedeps.model.StripboardReport, id=1088
*main         INFO  20:59:38.498 BaseDAO::save(528): save successful for com.lightspeedeps.model.StripboardReport, id=1089
*main         INFO  20:59:38.506 BaseDAO::save(528): save successful for com.lightspeedeps.model.StripboardReport, id=1090
*main         INFO  20:59:38.514 BaseDAO::save(528): save successful for com.lightspeedeps.model.StripboardReport, id=1091
*main         INFO  20:59:38.520 BaseDAO::save(528): save successful for com.lightspeedeps.model.StripboardReport, id=1092
*main         INFO  20:59:38.533 BaseDAO::save(528): save successful for com.lightspeedeps.model.StripboardReport, id=1093
*main         INFO  20:59:38.538 BaseDAO::save(528): save successful for com.lightspeedeps.model.StripboardReport, id=1094
*main         INFO  20:59:38.543 BaseDAO::save(528): save successful for com.lightspeedeps.model.StripboardReport, id=1095
*main         INFO  20:59:38.548 BaseDAO::save(528): save successful for com.lightspeedeps.model.StripboardReport, id=1096
*main         INFO  20:59:38.553 BaseDAO::save(528): save successful for com.lightspeedeps.model.StripboardReport, id=1097
*main         INFO  20:59:38.558 BaseDAO::save(528): save successful for com.lightspeedeps.model.StripboardReport, id=1098
*main         INFO  20:59:38.563 BaseDAO::save(528): save successful for com.lightspeedeps.model.StripboardReport, id=1099
*main         INFO  20:59:38.568 BaseDAO::save(528): save successful for com.lightspeedeps.model.StripboardReport, id=1100
*main         INFO  20:59:38.573 BaseDAO::save(528): save successful for com.lightspeedeps.model.StripboardReport, id=1101
*main         INFO  20:59:38.578 BaseDAO::save(528): save successful for com.lightspeedeps.model.StripboardReport, id=1102
*main         INFO  20:59:38.582 BaseDAO::save(528): save successful for com.lightspeedeps.model.StripboardReport, id=1103
*main         INFO  20:59:38.587 BaseDAO::save(528): save successful for com.lightspeedeps.model.StripboardReport, id=1104
*main         INFO  20:59:38.592 BaseDAO::save(528): save successful for com.lightspeedeps.model.StripboardReport, id=1105
*main         INFO  20:59:38.596 BaseDAO::save(528): save successful for com.lightspeedeps.model.StripboardReport, id=1106
*main         INFO  20:59:38.604 BaseDAO::save(528): save successful for com.lightspeedeps.model.StripboardReport, id=1107
*main         INFO  20:59:38.609 BaseDAO::save(528): save successful for com.lightspeedeps.model.StripboardReport, id=1108
*main         INFO  20:59:38.613 BaseDAO::save(528): save successful for com.lightspeedeps.model.StripboardReport, id=1109
*main         INFO  20:59:38.617 BaseDAO::save(528): save successful for com.lightspeedeps.model.StripboardReport, id=1110
*main         INFO  20:59:38.625 BaseDAO::save(528): save successful for com.lightspeedeps.model.StripboardReport, id=1111
*main         INFO  20:59:38.629 BaseDAO::save(528): save successful for com.lightspeedeps.model.StripboardReport, id=1112
*main         INFO  20:59:38.633 BaseDAO::save(528): save successful for com.lightspeedeps.model.StripboardReport, id=1113
*main         INFO  20:59:38.637 BaseDAO::save(528): save successful for com.lightspeedeps.model.StripboardReport, id=1114
*main         INFO  20:59:38.642 BaseDAO::save(528): save successful for com.lightspeedeps.model.StripboardReport, id=1115
*main         INFO  20:59:38.647 BaseDAO::save(528): save successful for com.lightspeedeps.model.StripboardReport, id=1116
*main         INFO  20:59:38.657 BaseDAO::save(528): save successful for com.lightspeedeps.model.StripboardReport, id=1117
*main         INFO  20:59:38.662 BaseDAO::save(528): save successful for com.lightspeedeps.model.StripboardReport, id=1118
*main         INFO  20:59:38.666 BaseDAO::save(528): save successful for com.lightspeedeps.model.StripboardReport, id=1119
*main         INFO  20:59:38.670 BaseDAO::save(528): save successful for com.lightspeedeps.model.StripboardReport, id=1120

Time: 6.837

OK (1 test)


D:\Dev\MyEclipseWorkspace\lightspeed29\junit>java org.junit.runner.JUnitCore com.lightspeedeps.test.script.ConvertPageLengthTest 
JUnit version 4.8.2
.
Time: 0.079

OK (1 test)


D:\Dev\MyEclipseWorkspace\lightspeed29\junit>REM not configured as JUnit test: 

D:\Dev\MyEclipseWorkspace\lightspeed29\junit>REM java org.junit.runner.JUnitCore com.lightspeedeps.test.script.ImportFileTest 

D:\Dev\MyEclipseWorkspace\lightspeed29\junit>java org.junit.runner.JUnitCore com.lightspeedeps.test.script.PdfReadTest 
JUnit version 4.8.2
.28 pages.
page 5; len=2996
dictionary:
key: /Parent, data=com.lowagie.text.pdf.PRIndirectReference:5 0 R
  ==>com.lowagie.text.pdf.PdfDictionary:Dictionary of type: /Pages
    dictionary:
    key: /Parent, data=com.lowagie.text.pdf.PRIndirectReference:95 0 R
      ==>com.lowagie.text.pdf.PdfDictionary:Dictionary of type: /Pages
        dictionary:
        key: /Type, data=com.lowagie.text.pdf.PdfName:/Pages
        key: /MediaBox, data=com.lowagie.text.pdf.PdfArray:[0, 0, 612, 1008]
        key: /Count, data=com.lowagie.text.pdf.PdfNumber:28
        key: /Kids, data=com.lowagie.text.pdf.PdfArray:[5 0 R, 26 0 R, 45 0 R, 64 0 R, 83 0 R]
    key: /Type, data=com.lowagie.text.pdf.PdfName:/Pages
    key: /Count, data=com.lowagie.text.pdf.PdfNumber:6
    key: /Kids, data=com.lowagie.text.pdf.PdfArray:[4 0 R, 10 0 R, 13 0 R, 16 0 R, 19 0 R, 22 0 R]
key: /Contents, data=com.lowagie.text.pdf.PRIndirectReference:20 0 R
  ==>com.lowagie.text.pdf.PRStream:Stream
    dictionary:
    key: /Length, data=com.lowagie.text.pdf.PdfNumber:1246
    key: /Filter, data=com.lowagie.text.pdf.PdfName:/FlateDecode
    len=1246
null
key: /Type, data=com.lowagie.text.pdf.PdfName:/Page
key: /Resources, data=com.lowagie.text.pdf.PdfDictionary:Dictionary
  dictionary:
  key: /ProcSet, data=com.lowagie.text.pdf.PRIndirectReference:2 0 R
    ==>com.lowagie.text.pdf.PdfArray:[/PDF, /Text]
  key: /Font, data=com.lowagie.text.pdf.PdfDictionary:Dictionary
    dictionary:
    key: /F0, data=com.lowagie.text.pdf.PRIndirectReference:6 0 R
      ==>com.lowagie.text.pdf.PdfDictionary:Dictionary of type: /Font
        dictionary:
        key: /LastChar, data=com.lowagie.text.pdf.PdfNumber:255
        key: /BaseFont, data=com.lowagie.text.pdf.PdfName:/CourierFinalDraft
        key: /Type, data=com.lowagie.text.pdf.PdfName:/Font
        key: /Encoding, data=com.lowagie.text.pdf.PdfName:/WinAnsiEncoding
        key: /Subtype, data=com.lowagie.text.pdf.PdfName:/TrueType
        key: /Name, data=com.lowagie.text.pdf.PdfName:/F0
        key: /FontDescriptor, data=com.lowagie.text.pdf.PRIndirectReference:7 0 R
          ==>com.lowagie.text.pdf.PdfDictionary:Dictionary of type: /FontDescriptor
            dictionary:
            key: /MissingWidth, data=com.lowagie.text.pdf.PdfNumber:600
            key: /Type, data=com.lowagie.text.pdf.PdfName:/FontDescriptor
            key: /StemV, data=com.lowagie.text.pdf.PdfNumber:109
            key: /Descent, data=com.lowagie.text.pdf.PdfNumber:-216
            key: /Leading, data=com.lowagie.text.pdf.PdfNumber:-99
            key: /StemH, data=com.lowagie.text.pdf.PdfNumber:109
            key: /AvgWidth, data=com.lowagie.text.pdf.PdfNumber:600
            key: /FontBBox, data=com.lowagie.text.pdf.PdfArray:[-250, -216, 720, 1000]
            key: /CapHeight, data=com.lowagie.text.pdf.PdfNumber:684
            key: /MaxWidth, data=com.lowagie.text.pdf.PdfNumber:600
            key: /Flags, data=com.lowagie.text.pdf.PdfNumber:34
            key: /XHeight, data=com.lowagie.text.pdf.PdfNumber:342
            key: /FontName, data=com.lowagie.text.pdf.PdfName:/CourierFinalDraft
            key: /Ascent, data=com.lowagie.text.pdf.PdfNumber:684
            key: /ItalicAngle, data=com.lowagie.text.pdf.PdfNumber:0
        key: /Widths, data=com.lowagie.text.pdf.PdfArray:[600, 600, 600, 600, 600, 600, 600, 600, 600, 600, 600, 600, 600, 600, 600, 600, 600, 600, 600, 600, 600, 600, 600, 600, 600, 600, 600, 600, 600, 600, 600, 600, 600, 600, 600, 600, 600, 600, 600, 600, 600, 600, 600, 600, 600, 600, 600, 600, 600, 600, 600, 600, 600, 600, 600, 600, 600, 600, 600, 600, 600, 600, 600, 600, 600, 600, 600, 600, 600, 600, 600, 600, 600, 600, 600, 600, 600, 600, 600, 600, 600, 600, 600, 600, 600, 600, 600, 600, 600, 600, 600, 600, 600, 600, 600, 600, 600, 600, 600, 600, 600, 600, 600, 600, 600, 600, 600, 600, 600, 600, 600, 600, 600, 600, 600, 600, 600, 600, 600, 600, 600, 600, 600, 600, 600, 600, 600, 600, 600, 600, 600, 600, 600, 600, 600, 600, 600, 600, 600, 600, 600, 600, 600, 600, 600, 600, 600, 600, 600, 600, 600, 600, 600, 600, 600, 600, 600, 600, 600, 600, 600, 600, 600, 600, 600, 600, 600, 600, 600, 600, 600, 600, 600, 600, 600, 600, 600, 600, 600, 600, 600, 600, 600, 600, 600, 600, 600, 600, 600, 600, 600, 600, 600, 600, 600, 600, 600, 600, 600, 600, 600, 600, 600, 600, 600, 600, 600, 600, 600, 600, 600, 600, 600, 600, 600, 600, 600, 600, 600, 600, 600, 600, 600, 600, 600, 600, 600, 600, 600, 600, 600, 600, 600, 600, 600, 600, 600, 600, 600, 600, 600, 600, 600]
        key: /FirstChar, data=com.lowagie.text.pdf.PdfNumber:13
key: /MediaBox, data=com.lowagie.text.pdf.PdfArray:[0, 0, 612, 1008]

Time: 0.068

OK (1 test)


D:\Dev\MyEclipseWorkspace\lightspeed29\junit>java org.junit.runner.JUnitCore com.lightspeedeps.test.script.PdfUtilsTest 
JUnit version 4.8.2
.*main         INFO  20:59:44.711 ApplicationScopeBean::setVersion(233): 2.9.TEST
6 successful tests completed.
.1 successful tests completed.
.1 successful tests completed.

Time: 6.114

OK (3 tests)


D:\Dev\MyEclipseWorkspace\lightspeed29\junit>java org.junit.runner.JUnitCore com.lightspeedeps.test.script.ScriptEmailTest 
JUnit version 4.8.2
.*main         INFO  20:59:51.088 ApplicationScopeBean::setVersion(233): 2.9.TEST
*main         INFO  20:59:53.182 BaseDAO::save(528): save successful for com.lightspeedeps.model.Message, id=2136

Time: 7.518

OK (1 test)


D:\Dev\MyEclipseWorkspace\lightspeed29\junit>java org.junit.runner.JUnitCore com.lightspeedeps.test.script.ScriptImportTest 
JUnit version 4.8.2
.29 successful tests completed.

Time: 0.09

OK (1 test)


D:\Dev\MyEclipseWorkspace\lightspeed29\junit>java org.junit.runner.JUnitCore com.lightspeedeps.test.script.ScriptPagesTest 
JUnit version 4.8.2
.E
Time: 0.006
There was 1 failure:
1) warning(junit.framework.TestSuite$1)
junit.framework.AssertionFailedError: No tests found in com.lightspeedeps.test.script.ScriptPagesTest
	at junit.framework.Assert.fail(Assert.java:47)
	at junit.framework.TestSuite$1.runTest(TestSuite.java:97)
	at junit.framework.TestCase.runBare(TestCase.java:134)
	at junit.framework.TestResult$1.protect(TestResult.java:110)
	at junit.framework.TestResult.runProtected(TestResult.java:128)
	at junit.framework.TestResult.run(TestResult.java:113)
	at junit.framework.TestCase.run(TestCase.java:124)
	at junit.framework.TestSuite.runTest(TestSuite.java:243)
	at junit.framework.TestSuite.run(TestSuite.java:238)
	at org.junit.internal.runners.JUnit38ClassRunner.run(JUnit38ClassRunner.java:83)
	at org.junit.runners.Suite.runChild(Suite.java:128)
	at org.junit.runners.Suite.runChild(Suite.java:24)
	at org.junit.runners.ParentRunner$3.run(ParentRunner.java:193)
	at org.junit.runners.ParentRunner$1.schedule(ParentRunner.java:52)
	at org.junit.runners.ParentRunner.runChildren(ParentRunner.java:191)
	at org.junit.runners.ParentRunner.access$000(ParentRunner.java:42)
	at org.junit.runners.ParentRunner$2.evaluate(ParentRunner.java:184)
	at org.junit.runners.ParentRunner.run(ParentRunner.java:236)
	at org.junit.runner.JUnitCore.run(JUnitCore.java:157)
	at org.junit.runner.JUnitCore.run(JUnitCore.java:136)
	at org.junit.runner.JUnitCore.run(JUnitCore.java:117)
	at org.junit.runner.JUnitCore.runMain(JUnitCore.java:98)
	at org.junit.runner.JUnitCore.runMainAndExit(JUnitCore.java:53)
	at org.junit.runner.JUnitCore.main(JUnitCore.java:45)

FAILURES!!!
Tests run: 1,  Failures: 1


D:\Dev\MyEclipseWorkspace\lightspeed29\junit>java org.junit.runner.JUnitCore com.lightspeedeps.test.script.SynopsisTest 
JUnit version 4.8.2
.null
This is enough.
This is two sentences.  It is shorter than the maximum.
The two limos pull up. Patty and Martin step out. Their Associates hold UMBRELLAS for them in the pouring rain.
The two limos pull up. Patty and Martin step out while their Associates hold UMBRELLAS for them in the pouring rain.

Time: 0.014

OK (1 test)


D:\Dev\MyEclipseWorkspace\lightspeed29\junit>java org.junit.runner.JUnitCore com.lightspeedeps.test.util.EmailValidatorTest 
JUnit version 4.8.2
.20 successful tests completed.

Time: 0.085

OK (1 test)


D:\Dev\MyEclipseWorkspace\lightspeed29\junit>java org.junit.runner.JUnitCore com.lightspeedeps.test.util.MobileDeviceDetectionTest 
JUnit version 4.8.2
.
Time: 0.091

OK (1 test)


D:\Dev\MyEclipseWorkspace\lightspeed29\junit>java org.junit.runner.JUnitCore com.lightspeedeps.test.util.PhoneNumberValidatorTest 
JUnit version 4.8.2
.25 successful tests completed.

Time: 0.089

OK (1 test)


D:\Dev\MyEclipseWorkspace\lightspeed29\junit>java org.junit.runner.JUnitCore com.lightspeedeps.test.util.SunriseSunsetTest 
JUnit version 4.8.2
.
Philadelphia, PA
Sunrise= 05/09/2015 02:52:00 PDT
Sunset = 05/09/2015 17:03:00 PDT

Los Angeles, CA
Sunrise= 05/09/2015 05:57:00 PDT
Sunset = 05/09/2015 19:43:00 PDT

Los Angeles, 90032
Sunrise= 05/09/2015 05:56:00 PDT
Sunset = 05/09/2015 19:43:00 PDT

Santa Maria, 93454
Sunrise= 05/09/2015 06:03:00 PDT
Sunset = 05/09/2015 19:53:00 PDT

Time: 0.021

OK (1 test)


D:\Dev\MyEclipseWorkspace\lightspeed29\junit>java org.junit.runner.JUnitCore com.lightspeedeps.test.util.SunriseSunsetTest 
JUnit version 4.8.2
.
Philadelphia, PA
Sunrise= 05/09/2015 02:52:00 PDT
Sunset = 05/09/2015 17:03:00 PDT

Los Angeles, CA
Sunrise= 05/09/2015 05:57:00 PDT
Sunset = 05/09/2015 19:43:00 PDT

Los Angeles, 90032
Sunrise= 05/09/2015 05:56:00 PDT
Sunset = 05/09/2015 19:43:00 PDT

Santa Maria, 93454
Sunrise= 05/09/2015 06:03:00 PDT
Sunset = 05/09/2015 19:53:00 PDT

Time: 0.022

OK (1 test)


D:\Dev\MyEclipseWorkspace\lightspeed29\junit>java org.junit.runner.JUnitCore com.lightspeedeps.test.util.TimeConverterTest 
JUnit version 4.8.2
.Illegal input or number format exception: x
Illegal input or number format exception: :
Illegal input or number format exception: 1:1:1
.Illegal input or number format exception: x
Illegal input or number format exception: :
Illegal input or number format exception: 1:1:1:1

Time: 0.079

OK (2 tests)


D:\Dev\MyEclipseWorkspace\lightspeed29\junit>java org.junit.runner.JUnitCore com.lightspeedeps.test.util.UtilitiesTest 
JUnit version 4.8.2
..gz9a5utedd
dnsysc4bah
unhujd853f
szqh6vxh39
hpehv6qz38
stfe889mu5
x5j32ud99e
b6cpcujs76
tx64sxkk9z
uek9hvvckk
r62ubzkkj3
gtet2zpxt5
8gzmahybgd
vtp2mvchvv
pukykjbndb
34xcsrrgb3
yvystfkja5
xxt6x4ur3z
9e86kx39v6
m9yqmkp53h
y6em3mrakf
6383qvj28e
zyr6azjjuc
87t85avtf8
g4b9uktvae
5bzuaerhqb
qzaedqya2x
ehdnf52mne
nz5nd2q5ej
uhv24amc38
6pe22pp68s
aspg2c6g5u
rqzvj5rkfk
qra8n8nncy
xyzbaff834
j8ysrxhjt7
tgmgq8cugm
zg9kq3y4f9
6vm82ntngt
jk7py9ndg5
frj9tb7c96
c9q9vt64fz
ac9kf4pfsz
mntkak5xj2
rvtzk3vcas
4zmmqdajuq
hrzk8cxema
2muzppj9s5
czd3c6mxrm
buhj6p5tbg
.
Time: 0.091

OK (3 tests)


D:\Dev\MyEclipseWorkspace\lightspeed29\junit>java org.junit.runner.JUnitCore com.lightspeedeps.test.CheckoutNotificationTest 
JUnit version 4.8.2
.*main         INFO  21:00:01.078 ApplicationScopeBean::setVersion(233): 2.9.TEST
*main         INFO  21:00:01.284 BaseDAO::save(528): save successful for com.lightspeedeps.model.CheckoutNotification, id=14

Time: 5.736

OK (1 test)


D:\Dev\MyEclipseWorkspace\lightspeed29\junit>java org.junit.runner.JUnitCore com.lightspeedeps.test.PermissionTest 
JUnit version 4.8.2
.17
rg has: 
Compare Revisions
Edit Cast List
637665041
rg has: 
Compare Revisions
Edit Cast List
Edit Exhibit G
Edit Media Inventory
Edit Production Preferences
Edit Production Reports
Edit Project/Episode
Edit Project Preferences
Edit Locations & Pts of Interest
Manage Projects/Episodes
Online
View Call Sheet List
View Hidden Cast & Crew
View Timecard Gross

Time: 0.008

OK (1 test)


D:\Dev\MyEclipseWorkspace\lightspeed29\junit>REM ** END of JUnit tests ** 

D:\Dev\MyEclipseWorkspace\lightspeed29\junit>time /t 
09:00 PM
